ada:$1$COzMUgHH$zcbfWM62RDM6wq2yJOu/E1:1000:1000:Ada L:/home/ada:/bin/bash
brian:$1$T2W2ATor$d4J36Zy.uS.tYWHH04wi31:1001:1001:Brian K:/home/brian:/bin/sh
USER:$6$pinch.of.salt$7Jf16S36pj3hnNd7YxvqugbtIn6ZQi3tEWSv7wtKm.lQJp7mphib8UkrpN6ME4tDrj4vmuryXsrVDuse/4HS5.:1002:1002:You:/home/USER:/bin/bash
don:$1$WezNzVpM$JmbHh5T.nHeioVj/c9Yqh1:1003:1003:Donald K:/home/don:/bin/bash
